🚀 PDFly Backend Starter
========================

🔍 Checking for existing backend process...
✅ Port 8080 is free
📂 Navigating to backend directory...
🗄️  Database: H2 File-based (data/pdflydb)
💾 Data persists between restarts

🚀 Starting backend...
📝 Logs will appear below. Press Ctrl+C to stop.
========================================

[INFO] Scanning for projects...
[INFO] 
[INFO] -------------------------< com.pdfly:backend >--------------------------
[INFO] Building pdfly-backend 0.0.1-SNAPSHOT
[INFO]   from pom.xml
[INFO] --------------------------------[ jar ]---------------------------------
[INFO] 
[INFO] >>> spring-boot:3.2.3:run (default-cli) > test-compile @ backend >>>
[INFO] 
[INFO] --- resources:3.3.1:resources (default-resources) @ backend ---
[INFO] Copying 1 resource from src/main/resources to target/classes
[INFO] Copying 0 resource from src/main/resources to target/classes
[INFO] 
[INFO] --- compiler:3.11.0:compile (default-compile) @ backend ---
[INFO] Nothing to compile - all classes are up to date
[INFO] 
[INFO] --- resources:3.3.1:testResources (default-testResources) @ backend ---
[INFO] skip non existing resourceDirectory /Users/aadityabasisth/Desktop/thynkTech-assignments/proj/pdf-wiz-backend/src/test/resources
[INFO] 
[INFO] --- compiler:3.11.0:testCompile (default-testCompile) @ backend ---
[INFO] No sources to compile
[INFO] 
[INFO] <<< spring-boot:3.2.3:run (default-cli) < test-compile @ backend <<<
[INFO] 
[INFO] 
[INFO] --- spring-boot:3.2.3:run (default-cli) @ backend ---
[INFO] Attaching agents: []
Standard Commons Logging discovery in action with spring-jcl: please remove commons-logging.jar from classpath in order to avoid potential conflicts

  .   ____          _            __ _ _
 /\\ / ___'_ __ _ _(_)_ __  __ _ \ \ \ \
( ( )\___ | '_ | '_| | '_ \/ _` | \ \ \ \
 \\/  ___)| |_)| | | | | || (_| |  ) ) ) )
  '  |____| .__|_| |_|_| |_\__, | / / / /
 =========|_|==============|___/=/_/_/_/
 :: Spring Boot ::                (v3.2.3)

2025-12-02T11:53:56.746+05:30  INFO 77497 --- [           main] com.pdfly.backend.BackendApplication     : Starting BackendApplication using Java 17.0.17 with PID 77497 (/Users/aadityabasisth/Desktop/thynkTech-assignments/proj/pdf-wiz-backend/target/classes started by aadityabasisth in /Users/aadityabasisth/Desktop/thynkTech-assignments/proj/pdf-wiz-backend)
2025-12-02T11:53:56.752+05:30  INFO 77497 --- [           main] com.pdfly.backend.BackendApplication     : No active profile set, falling back to 1 default profile: "default"
2025-12-02T11:53:57.499+05:30  INFO 77497 --- [           main] .s.d.r.c.RepositoryConfigurationDelegate : Bootstrapping Spring Data JPA repositories in DEFAULT mode.
2025-12-02T11:53:57.567+05:30  INFO 77497 --- [           main] .s.d.r.c.RepositoryConfigurationDelegate : Finished Spring Data repository scanning in 64 ms. Found 5 JPA repository interfaces.
2025-12-02T11:53:58.175+05:30  INFO 77497 --- [           main] o.s.b.w.embedded.tomcat.TomcatWebServer  : Tomcat initialized with port 8080 (http)
2025-12-02T11:53:58.184+05:30  INFO 77497 --- [           main] o.apache.catalina.core.StandardService   : Starting service [Tomcat]
2025-12-02T11:53:58.184+05:30  INFO 77497 --- [           main] o.apache.catalina.core.StandardEngine    : Starting Servlet engine: [Apache Tomcat/10.1.19]
2025-12-02T11:53:58.256+05:30  INFO 77497 --- [           main] o.a.c.c.C.[Tomcat].[localhost].[/]       : Initializing Spring embedded WebApplicationContext
2025-12-02T11:53:58.258+05:30  INFO 77497 --- [           main] w.s.c.ServletWebServerApplicationContext : Root WebApplicationContext: initialization completed in 1457 ms
Standard Commons Logging discovery in action with spring-jcl: please remove commons-logging.jar from classpath in order to avoid potential conflicts
2025-12-02T11:53:58.677+05:30  INFO 77497 --- [           main] o.hibernate.jpa.internal.util.LogHelper  : HHH000204: Processing PersistenceUnitInfo [name: default]
2025-12-02T11:53:58.749+05:30  INFO 77497 --- [           main] org.hibernate.Version                    : HHH000412: Hibernate ORM core version 6.4.4.Final
2025-12-02T11:53:58.796+05:30  INFO 77497 --- [           main] o.h.c.internal.RegionFactoryInitiator    : HHH000026: Second-level cache disabled
2025-12-02T11:53:59.145+05:30  INFO 77497 --- [           main] o.s.o.j.p.SpringPersistenceUnitInfo      : No LoadTimeWeaver setup: ignoring JPA class transformer
2025-12-02T11:53:59.247+05:30  INFO 77497 --- [           main] com.zaxxer.hikari.HikariDataSource       : HikariPool-1 - Starting...
2025-12-02T11:54:02.573+05:30  INFO 77497 --- [           main] com.zaxxer.hikari.pool.HikariPool        : HikariPool-1 - Added connection org.postgresql.jdbc.PgConnection@2b2a4332
2025-12-02T11:54:02.578+05:30  INFO 77497 --- [           main] com.zaxxer.hikari.HikariDataSource       : HikariPool-1 - Start completed.
2025-12-02T11:54:02.875+05:30  WARN 77497 --- [           main] org.hibernate.orm.deprecation            : HHH90000025: PostgreSQLDialect does not need to be specified explicitly using 'hibernate.dialect' (remove the property setting and it will be selected by default)
2025-12-02T11:54:04.190+05:30  INFO 77497 --- [           main] o.h.e.t.j.p.i.JtaPlatformInitiator       : HHH000489: No JTA platform available (set 'hibernate.transaction.jta.platform' to enable JTA platform integration)
2025-12-02T11:54:07.533+05:30  INFO 77497 --- [           main] j.LocalContainerEntityManagerFactoryBean : Initialized JPA EntityManagerFactory for persistence unit 'default'
2025-12-02T11:54:07.811+05:30  INFO 77497 --- [           main] o.s.d.j.r.query.QueryEnhancerFactory     : Hibernate is in classpath; If applicable, HQL parser will be used.
2025-12-02T11:54:08.363+05:30  WARN 77497 --- [           main] JpaBaseConfiguration$JpaWebConfiguration : spring.jpa.open-in-view is enabled by default. Therefore, database queries may be performed during view rendering. Explicitly configure spring.jpa.open-in-view to disable this warning
2025-12-02T11:54:09.410+05:30  INFO 77497 --- [           main] o.s.s.web.DefaultSecurityFilterChain     : Will secure any request with [org.springframework.security.web.session.DisableEncodeUrlFilter@63be4548, org.springframework.security.web.context.request.async.WebAsyncManagerIntegrationFilter@232899d1, org.springframework.security.web.context.SecurityContextHolderFilter@73b71935, org.springframework.security.web.header.HeaderWriterFilter@24facb47, org.springframework.web.filter.CorsFilter@522221e1, org.springframework.security.web.authentication.logout.LogoutFilter@6557dcea, com.pdfly.backend.config.JwtAuthenticationFilter@1a3611b1, org.springframework.security.web.savedrequest.RequestCacheAwareFilter@16df0ebd, org.springframework.security.web.servletapi.SecurityContextHolderAwareRequestFilter@29becf8b, org.springframework.security.web.authentication.AnonymousAuthenticationFilter@14060410, org.springframework.security.web.session.SessionManagementFilter@17e323fd, org.springframework.security.web.access.ExceptionTranslationFilter@5b9c74a, org.springframework.security.web.access.intercept.AuthorizationFilter@6ae55678]
2025-12-02T11:54:10.204+05:30  INFO 77497 --- [           main] o.s.b.w.embedded.tomcat.TomcatWebServer  : Tomcat started on port 8080 (http) with context path ''
2025-12-02T11:54:10.215+05:30  INFO 77497 --- [           main] com.pdfly.backend.BackendApplication     : Started BackendApplication in 13.89 seconds (process running for 14.481)
Hibernate: 
    select
        u1_0.id 
    from
        users u1_0 
    where
        u1_0.email=? 
    fetch
        first ? rows only
2025-12-02T11:54:39.149+05:30  INFO 77497 --- [nio-8080-exec-1] o.a.c.c.C.[Tomcat].[localhost].[/]       : Initializing Spring DispatcherServlet 'dispatcherServlet'
2025-12-02T11:54:39.152+05:30  INFO 77497 --- [nio-8080-exec-1] o.s.web.servlet.DispatcherServlet        : Initializing Servlet 'dispatcherServlet'
2025-12-02T11:54:39.199+05:30  INFO 77497 --- [nio-8080-exec-1] o.s.web.servlet.DispatcherServlet        : Completed initialization in 47 ms
Hibernate: 
    select
        u1_0.id,
        u1_0.created_at,
        u1_0.daily_usage_count,
        u1_0.email,
        u1_0.is_active,
        u1_0.password,
        u1_0.password_reset_expiry,
        u1_0.password_reset_phrase,
        u1_0.plan,
        u1_0.plan_expiry_date,
        u1_0.role 
    from
        users u1_0 
    where
        u1_0.email=?
Hibernate: 
    select
        u1_0.id,
        u1_0.created_at,
        u1_0.daily_usage_count,
        u1_0.email,
        u1_0.is_active,
        u1_0.password,
        u1_0.password_reset_expiry,
        u1_0.password_reset_phrase,
        u1_0.plan,
        u1_0.plan_expiry_date,
        u1_0.role 
    from
        users u1_0 
    where
        u1_0.email=?
Hibernate: 
    select
        u1_0.id,
        u1_0.created_at,
        u1_0.daily_usage_count,
        u1_0.email,
        u1_0.is_active,
        u1_0.password,
        u1_0.password_reset_expiry,
        u1_0.password_reset_phrase,
        u1_0.plan,
        u1_0.plan_expiry_date,
        u1_0.role 
    from
        users u1_0 
    where
        u1_0.email=?
Hibernate: 
    select
        u1_0.id,
        u1_0.created_at,
        u1_0.daily_usage_count,
        u1_0.email,
        u1_0.is_active,
        u1_0.password,
        u1_0.password_reset_expiry,
        u1_0.password_reset_phrase,
        u1_0.plan,
        u1_0.plan_expiry_date,
        u1_0.role 
    from
        users u1_0 
    where
        u1_0.email=?
Hibernate: 
    select
        u1_0.id,
        u1_0.created_at,
        u1_0.daily_usage_count,
        u1_0.email,
        u1_0.is_active,
        u1_0.password,
        u1_0.password_reset_expiry,
        u1_0.password_reset_phrase,
        u1_0.plan,
        u1_0.plan_expiry_date,
        u1_0.role 
    from
        users u1_0 
    where
        u1_0.email=?
Hibernate: 
    select
        u1_0.id,
        u1_0.created_at,
        u1_0.daily_usage_count,
        u1_0.email,
        u1_0.is_active,
        u1_0.password,
        u1_0.password_reset_expiry,
        u1_0.password_reset_phrase,
        u1_0.plan,
        u1_0.plan_expiry_date,
        u1_0.role 
    from
        users u1_0 
    where
        u1_0.email=?
Hibernate: 
    select
        u1_0.id,
        u1_0.created_at,
        u1_0.daily_usage_count,
        u1_0.email,
        u1_0.is_active,
        u1_0.password,
        u1_0.password_reset_expiry,
        u1_0.password_reset_phrase,
        u1_0.plan,
        u1_0.plan_expiry_date,
        u1_0.role 
    from
        users u1_0 
    where
        u1_0.email=?
Hibernate: 
    select
        u1_0.id,
        u1_0.created_at,
        u1_0.daily_usage_count,
        u1_0.email,
        u1_0.is_active,
        u1_0.password,
        u1_0.password_reset_expiry,
        u1_0.password_reset_phrase,
        u1_0.plan,
        u1_0.plan_expiry_date,
        u1_0.role 
    from
        users u1_0 
    where
        u1_0.email=?
Hibernate: 
    select
        u1_0.id,
        u1_0.created_at,
        u1_0.daily_usage_count,
        u1_0.email,
        u1_0.is_active,
        u1_0.password,
        u1_0.password_reset_expiry,
        u1_0.password_reset_phrase,
        u1_0.plan,
        u1_0.plan_expiry_date,
        u1_0.role 
    from
        users u1_0 
    where
        u1_0.email=?
Hibernate: 
    select
        u1_0.id,
        u1_0.created_at,
        u1_0.daily_usage_count,
        u1_0.email,
        u1_0.is_active,
        u1_0.password,
        u1_0.password_reset_expiry,
        u1_0.password_reset_phrase,
        u1_0.plan,
        u1_0.plan_expiry_date,
        u1_0.role 
    from
        users u1_0 
    where
        u1_0.email=?
Hibernate: 
    select
        u1_0.id,
        u1_0.created_at,
        u1_0.daily_usage_count,
        u1_0.email,
        u1_0.is_active,
        u1_0.password,
        u1_0.password_reset_expiry,
        u1_0.password_reset_phrase,
        u1_0.plan,
        u1_0.plan_expiry_date,
        u1_0.role 
    from
        users u1_0 
    where
        u1_0.email=?
Hibernate: 
    select
        u1_0.id,
        u1_0.created_at,
        u1_0.daily_usage_count,
        u1_0.email,
        u1_0.is_active,
        u1_0.password,
        u1_0.password_reset_expiry,
        u1_0.password_reset_phrase,
        u1_0.plan,
        u1_0.plan_expiry_date,
        u1_0.role 
    from
        users u1_0 
    where
        u1_0.email=?
Hibernate: 
    select
        gc1_0.id,
        gc1_0.config_key,
        gc1_0.config_value 
    from
        global_config gc1_0
Hibernate: 
    select
        gc1_0.id,
        gc1_0.config_key,
        gc1_0.config_value 
    from
        global_config gc1_0
Hibernate: 
    select
        u1_0.id,
        u1_0.created_at,
        u1_0.daily_usage_count,
        u1_0.email,
        u1_0.is_active,
        u1_0.password,
        u1_0.password_reset_expiry,
        u1_0.password_reset_phrase,
        u1_0.plan,
        u1_0.plan_expiry_date,
        u1_0.role 
    from
        users u1_0 
    where
        u1_0.email=?
Password change request for user: bocixop947@bablace.com
Hibernate: 
    select
        u1_0.id,
        u1_0.created_at,
        u1_0.daily_usage_count,
        u1_0.email,
        u1_0.is_active,
        u1_0.password,
        u1_0.password_reset_expiry,
        u1_0.password_reset_phrase,
        u1_0.plan,
        u1_0.plan_expiry_date,
        u1_0.role 
    from
        users u1_0 
    where
        u1_0.email=?
Hibernate: 
    update
        users 
    set
        created_at=?,
        daily_usage_count=?,
        email=?,
        is_active=?,
        password=?,
        password_reset_expiry=?,
        password_reset_phrase=?,
        plan=?,
        plan_expiry_date=?,
        role=? 
    where
        id=?
Password changed successfully for user: bocixop947@bablace.com
Hibernate: 
    select
        u1_0.id,
        u1_0.created_at,
        u1_0.daily_usage_count,
        u1_0.email,
        u1_0.is_active,
        u1_0.password,
        u1_0.password_reset_expiry,
        u1_0.password_reset_phrase,
        u1_0.plan,
        u1_0.plan_expiry_date,
        u1_0.role 
    from
        users u1_0 
    where
        u1_0.email=?
Hibernate: 
    select
        u1_0.id,
        u1_0.created_at,
        u1_0.daily_usage_count,
        u1_0.email,
        u1_0.is_active,
        u1_0.password,
        u1_0.password_reset_expiry,
        u1_0.password_reset_phrase,
        u1_0.plan,
        u1_0.plan_expiry_date,
        u1_0.role 
    from
        users u1_0 
    where
        u1_0.email=?
Hibernate: 
    select
        u1_0.id,
        u1_0.created_at,
        u1_0.daily_usage_count,
        u1_0.email,
        u1_0.is_active,
        u1_0.password,
        u1_0.password_reset_expiry,
        u1_0.password_reset_phrase,
        u1_0.plan,
        u1_0.plan_expiry_date,
        u1_0.role 
    from
        users u1_0 
    where
        u1_0.email=?
Hibernate: 
    select
        gc1_0.id,
        gc1_0.config_key,
        gc1_0.config_value 
    from
        global_config gc1_0
Hibernate: 
    select
        gc1_0.id,
        gc1_0.config_key,
        gc1_0.config_value 
    from
        global_config gc1_0
2025-12-02T12:47:30.315+05:30  INFO 77497 --- [ionShutdownHook] j.LocalContainerEntityManagerFactoryBean : Closing JPA EntityManagerFactory for persistence unit 'default'
2025-12-02T12:47:30.609+05:30  INFO 77497 --- [ionShutdownHook] com.zaxxer.hikari.HikariDataSource       : HikariPool-1 - Shutdown initiated...
2025-12-02T12:47:34.030+05:30  INFO 77497 --- [ionShutdownHook] com.zaxxer.hikari.HikariDataSource       : HikariPool-1 - Shutdown completed.
