[INFO] Scanning for projects...
[INFO] 
[INFO] -------------------------< com.pdfly:backend >--------------------------
[INFO] Building pdfly-backend 0.0.1-SNAPSHOT
[INFO]   from pom.xml
[INFO] --------------------------------[ jar ]---------------------------------
[INFO] 
[INFO] >>> spring-boot:3.2.3:run (default-cli) > test-compile @ backend >>>
[INFO] 
[INFO] --- resources:3.3.1:resources (default-resources) @ backend ---
[INFO] Copying 1 resource from src/main/resources to target/classes
[INFO] Copying 0 resource from src/main/resources to target/classes
[INFO] 
[INFO] --- compiler:3.11.0:compile (default-compile) @ backend ---
[INFO] Nothing to compile - all classes are up to date
[INFO] 
[INFO] --- resources:3.3.1:testResources (default-testResources) @ backend ---
[INFO] skip non existing resourceDirectory /Users/aadityabasisth/Desktop/thynkTech-assignments/proj/pdf-wiz-backend/src/test/resources
[INFO] 
[INFO] --- compiler:3.11.0:testCompile (default-testCompile) @ backend ---
[INFO] No sources to compile
[INFO] 
[INFO] <<< spring-boot:3.2.3:run (default-cli) < test-compile @ backend <<<
[INFO] 
[INFO] 
[INFO] --- spring-boot:3.2.3:run (default-cli) @ backend ---
[INFO] Attaching agents: []
Standard Commons Logging discovery in action with spring-jcl: please remove commons-logging.jar from classpath in order to avoid potential conflicts

  .   ____          _            __ _ _
 /\\ / ___'_ __ _ _(_)_ __  __ _ \ \ \ \
( ( )\___ | '_ | '_| | '_ \/ _` | \ \ \ \
 \\/  ___)| |_)| | | | | || (_| |  ) ) ) )
  '  |____| .__|_| |_|_| |_\__, | / / / /
 =========|_|==============|___/=/_/_/_/
 :: Spring Boot ::                (v3.2.3)

2025-12-01T19:33:17.062+05:30  INFO 55508 --- [           main] com.pdfly.backend.BackendApplication     : Starting BackendApplication using Java 17.0.17 with PID 55508 (/Users/aadityabasisth/Desktop/thynkTech-assignments/proj/pdf-wiz-backend/target/classes started by aadityabasisth in /Users/aadityabasisth/Desktop/thynkTech-assignments/proj/pdf-wiz-backend)
2025-12-01T19:33:17.068+05:30  INFO 55508 --- [           main] com.pdfly.backend.BackendApplication     : No active profile set, falling back to 1 default profile: "default"
2025-12-01T19:33:17.760+05:30  INFO 55508 --- [           main] .s.d.r.c.RepositoryConfigurationDelegate : Bootstrapping Spring Data JPA repositories in DEFAULT mode.
2025-12-01T19:33:17.823+05:30  INFO 55508 --- [           main] .s.d.r.c.RepositoryConfigurationDelegate : Finished Spring Data repository scanning in 59 ms. Found 5 JPA repository interfaces.
2025-12-01T19:33:18.460+05:30  INFO 55508 --- [           main] o.s.b.w.embedded.tomcat.TomcatWebServer  : Tomcat initialized with port 8080 (http)
2025-12-01T19:33:18.469+05:30  INFO 55508 --- [           main] o.apache.catalina.core.StandardService   : Starting service [Tomcat]
2025-12-01T19:33:18.469+05:30  INFO 55508 --- [           main] o.apache.catalina.core.StandardEngine    : Starting Servlet engine: [Apache Tomcat/10.1.19]
2025-12-01T19:33:18.519+05:30  INFO 55508 --- [           main] o.a.c.c.C.[Tomcat].[localhost].[/]       : Initializing Spring embedded WebApplicationContext
2025-12-01T19:33:18.521+05:30  INFO 55508 --- [           main] w.s.c.ServletWebServerApplicationContext : Root WebApplicationContext: initialization completed in 1410 ms
Standard Commons Logging discovery in action with spring-jcl: please remove commons-logging.jar from classpath in order to avoid potential conflicts
2025-12-01T19:33:18.551+05:30  INFO 55508 --- [           main] com.zaxxer.hikari.HikariDataSource       : HikariPool-1 - Starting...
2025-12-01T19:33:18.667+05:30  INFO 55508 --- [           main] com.zaxxer.hikari.pool.HikariPool        : HikariPool-1 - Added connection conn0: url=jdbc:h2:mem:pdflydb user=SA
2025-12-01T19:33:18.668+05:30  INFO 55508 --- [           main] com.zaxxer.hikari.HikariDataSource       : HikariPool-1 - Start completed.
2025-12-01T19:33:18.678+05:30  INFO 55508 --- [           main] o.s.b.a.h2.H2ConsoleAutoConfiguration    : H2 console available at '/h2-console'. Database available at 'jdbc:h2:mem:pdflydb'
2025-12-01T19:33:18.763+05:30  INFO 55508 --- [           main] o.hibernate.jpa.internal.util.LogHelper  : HHH000204: Processing PersistenceUnitInfo [name: default]
2025-12-01T19:33:18.799+05:30  INFO 55508 --- [           main] org.hibernate.Version                    : HHH000412: Hibernate ORM core version 6.4.4.Final
2025-12-01T19:33:18.819+05:30  INFO 55508 --- [           main] o.h.c.internal.RegionFactoryInitiator    : HHH000026: Second-level cache disabled
2025-12-01T19:33:18.960+05:30  INFO 55508 --- [           main] o.s.o.j.p.SpringPersistenceUnitInfo      : No LoadTimeWeaver setup: ignoring JPA class transformer
2025-12-01T19:33:19.004+05:30  WARN 55508 --- [           main] org.hibernate.orm.deprecation            : HHH90000025: H2Dialect does not need to be specified explicitly using 'hibernate.dialect' (remove the property setting and it will be selected by default)
2025-12-01T19:33:19.587+05:30  INFO 55508 --- [           main] o.h.e.t.j.p.i.JtaPlatformInitiator       : HHH000489: No JTA platform available (set 'hibernate.transaction.jta.platform' to enable JTA platform integration)
Hibernate: 
    create table coupons (
        id bigint generated by default as identity,
        code varchar(255) not null,
        current_uses integer not null,
        discount_percent integer not null,
        expiry_date timestamp(6),
        max_uses integer not null,
        plan_type varchar(255) check (plan_type in ('FREE','PRO')),
        primary key (id)
    )
Hibernate: 
    create table global_config (
        id bigint generated by default as identity,
        config_key varchar(255) not null,
        config_value varchar(255),
        primary key (id)
    )
Hibernate: 
    create table plan_features (
        plan_id bigint not null,
        features varchar(255)
    )
Hibernate: 
    create table plans (
        id bigint generated by default as identity,
        active boolean not null,
        billing_cycle varchar(255) not null,
        name varchar(255) not null,
        price numeric(38,2) not null,
        primary key (id)
    )
Hibernate: 
    create table transactions (
        id bigint generated by default as identity,
        amount numeric(38,2) not null,
        date timestamp(6) not null,
        status varchar(255) check (status in ('SUCCESS','FAILED','REFUNDED')),
        user_id bigint not null,
        primary key (id)
    )
Hibernate: 
    create table users (
        id bigint generated by default as identity,
        created_at timestamp(6),
        daily_usage_count integer not null,
        email varchar(255) not null,
        is_active boolean not null,
        password varchar(255) not null,
        password_reset_expiry timestamp(6),
        password_reset_phrase varchar(255),
        plan varchar(255) check (plan in ('FREE','PRO')),
        plan_expiry_date timestamp(6),
        role varchar(255) check (role in ('USER','ADMIN')),
        primary key (id)
    )
Hibernate: 
    alter table if exists coupons 
       drop constraint if exists UK_eplt0kkm9yf2of2lnx6c1oy9b
Hibernate: 
    alter table if exists coupons 
       add constraint UK_eplt0kkm9yf2of2lnx6c1oy9b unique (code)
Hibernate: 
    alter table if exists global_config 
       drop constraint if exists UK_b5q13dkfeafuwh9emsvddl8qs
Hibernate: 
    alter table if exists global_config 
       add constraint UK_b5q13dkfeafuwh9emsvddl8qs unique (config_key)
Hibernate: 
    alter table if exists users 
       drop constraint if exists UK_6dotkott2kjsp8vw4d0m25fb7
Hibernate: 
    alter table if exists users 
       add constraint UK_6dotkott2kjsp8vw4d0m25fb7 unique (email)
Hibernate: 
    alter table if exists plan_features 
       add constraint FKmii31u2imuu6cet94c3yv7c0p 
       foreign key (plan_id) 
       references plans
Hibernate: 
    alter table if exists transactions 
       add constraint FKqwv7rmvc8va8rep7piikrojds 
       foreign key (user_id) 
       references users
2025-12-01T19:33:19.641+05:30  INFO 55508 --- [           main] j.LocalContainerEntityManagerFactoryBean : Initialized JPA EntityManagerFactory for persistence unit 'default'
2025-12-01T19:33:19.802+05:30  INFO 55508 --- [           main] o.s.d.j.r.query.QueryEnhancerFactory     : Hibernate is in classpath; If applicable, HQL parser will be used.
2025-12-01T19:33:20.562+05:30  WARN 55508 --- [           main] JpaBaseConfiguration$JpaWebConfiguration : spring.jpa.open-in-view is enabled by default. Therefore, database queries may be performed during view rendering. Explicitly configure spring.jpa.open-in-view to disable this warning
2025-12-01T19:33:20.827+05:30  INFO 55508 --- [           main] o.s.s.web.DefaultSecurityFilterChain     : Will secure any request with [org.springframework.security.web.session.DisableEncodeUrlFilter@6bab373c, org.springframework.security.web.context.request.async.WebAsyncManagerIntegrationFilter@493ed8e6, org.springframework.security.web.context.SecurityContextHolderFilter@31ce271c, org.springframework.security.web.header.HeaderWriterFilter@7d816d32, org.springframework.web.filter.CorsFilter@7b897456, org.springframework.security.web.authentication.logout.LogoutFilter@16df0ebd, com.pdfly.backend.config.JwtAuthenticationFilter@3e7fc07e, org.springframework.security.web.savedrequest.RequestCacheAwareFilter@64faf3d, org.springframework.security.web.servletapi.SecurityContextHolderAwareRequestFilter@3f523dae, org.springframework.security.web.authentication.AnonymousAuthenticationFilter@4dcc0e3d, org.springframework.security.web.session.SessionManagementFilter@3431cb1f, org.springframework.security.web.access.ExceptionTranslationFilter@5e38329d, org.springframework.security.web.access.intercept.AuthorizationFilter@421c057a]
2025-12-01T19:33:20.991+05:30  INFO 55508 --- [           main] o.s.b.w.embedded.tomcat.TomcatWebServer  : Tomcat started on port 8080 (http) with context path ''
2025-12-01T19:33:21.005+05:30  INFO 55508 --- [           main] com.pdfly.backend.BackendApplication     : Started BackendApplication in 4.292 seconds (process running for 4.678)
Hibernate: 
    select
        u1_0.id 
    from
        users u1_0 
    where
        u1_0.email=? 
    fetch
        first ? rows only
Hibernate: 
    insert 
    into
        users
        (created_at, daily_usage_count, email, is_active, password, password_reset_expiry, password_reset_phrase, plan, plan_expiry_date, role, id) 
    values
        (?, ?, ?, ?, ?, ?, ?, ?, ?, ?, default)
=========================================================
✅ DEFAULT ADMIN CREATED:
   Email: admin@pdfly.io
   Password: pdfly_admin_pass
   (Please change this in the DB after first login!)
=========================================================
2025-12-01T19:33:57.457+05:30  INFO 55508 --- [ionShutdownHook] j.LocalContainerEntityManagerFactoryBean : Closing JPA EntityManagerFactory for persistence unit 'default'
2025-12-01T19:33:57.468+05:30  INFO 55508 --- [ionShutdownHook] com.zaxxer.hikari.HikariDataSource       : HikariPool-1 - Shutdown initiated...
2025-12-01T19:33:57.476+05:30  INFO 55508 --- [ionShutdownHook] com.zaxxer.hikari.HikariDataSource       : HikariPool-1 - Shutdown completed.
[INFO] ------------------------------------------------------------------------
[INFO] BUILD SUCCESS
[INFO] ------------------------------------------------------------------------
[INFO] Total time:  43.764 s
[INFO] Finished at: 2025-12-01T19:33:57+05:30
[INFO] ------------------------------------------------------------------------
