[INFO] Scanning for projects...
[INFO] 
[INFO] -------------------------< com.pdfly:backend >--------------------------
[INFO] Building pdfly-backend 0.0.1-SNAPSHOT
[INFO]   from pom.xml
[INFO] --------------------------------[ jar ]---------------------------------
[INFO] 
[INFO] >>> spring-boot:3.2.3:run (default-cli) > test-compile @ backend >>>
[INFO] 
[INFO] --- resources:3.3.1:resources (default-resources) @ backend ---
[INFO] Copying 1 resource from src/main/resources to target/classes
[INFO] Copying 0 resource from src/main/resources to target/classes
[INFO] 
[INFO] --- compiler:3.11.0:compile (default-compile) @ backend ---
[INFO] Nothing to compile - all classes are up to date
[INFO] 
[INFO] --- resources:3.3.1:testResources (default-testResources) @ backend ---
[INFO] skip non existing resourceDirectory /Users/aadityabasisth/Desktop/thynkTech-assignments/proj/pdf-wiz-backend/src/test/resources
[INFO] 
[INFO] --- compiler:3.11.0:testCompile (default-testCompile) @ backend ---
[INFO] No sources to compile
[INFO] 
[INFO] <<< spring-boot:3.2.3:run (default-cli) < test-compile @ backend <<<
[INFO] 
[INFO] 
[INFO] --- spring-boot:3.2.3:run (default-cli) @ backend ---
[INFO] Attaching agents: []
Standard Commons Logging discovery in action with spring-jcl: please remove commons-logging.jar from classpath in order to avoid potential conflicts

  .   ____          _            __ _ _
 /\\ / ___'_ __ _ _(_)_ __  __ _ \ \ \ \
( ( )\___ | '_ | '_| | '_ \/ _` | \ \ \ \
 \\/  ___)| |_)| | | | | || (_| |  ) ) ) )
  '  |____| .__|_| |_|_| |_\__, | / / / /
 =========|_|==============|___/=/_/_/_/
 :: Spring Boot ::                (v3.2.3)

2025-12-01T19:55:09.225+05:30  INFO 59755 --- [           main] com.pdfly.backend.BackendApplication     : Starting BackendApplication using Java 17.0.17 with PID 59755 (/Users/aadityabasisth/Desktop/thynkTech-assignments/proj/pdf-wiz-backend/target/classes started by aadityabasisth in /Users/aadityabasisth/Desktop/thynkTech-assignments/proj/pdf-wiz-backend)
2025-12-01T19:55:09.231+05:30  INFO 59755 --- [           main] com.pdfly.backend.BackendApplication     : No active profile set, falling back to 1 default profile: "default"
2025-12-01T19:55:10.014+05:30  INFO 59755 --- [           main] .s.d.r.c.RepositoryConfigurationDelegate : Bootstrapping Spring Data JPA repositories in DEFAULT mode.
2025-12-01T19:55:10.097+05:30  INFO 59755 --- [           main] .s.d.r.c.RepositoryConfigurationDelegate : Finished Spring Data repository scanning in 77 ms. Found 5 JPA repository interfaces.
2025-12-01T19:55:11.053+05:30  INFO 59755 --- [           main] o.s.b.w.embedded.tomcat.TomcatWebServer  : Tomcat initialized with port 8080 (http)
2025-12-01T19:55:11.099+05:30  INFO 59755 --- [           main] o.apache.catalina.core.StandardService   : Starting service [Tomcat]
2025-12-01T19:55:11.099+05:30  INFO 59755 --- [           main] o.apache.catalina.core.StandardEngine    : Starting Servlet engine: [Apache Tomcat/10.1.19]
2025-12-01T19:55:11.485+05:30  INFO 59755 --- [           main] o.a.c.c.C.[Tomcat].[localhost].[/]       : Initializing Spring embedded WebApplicationContext
2025-12-01T19:55:11.553+05:30  INFO 59755 --- [           main] w.s.c.ServletWebServerApplicationContext : Root WebApplicationContext: initialization completed in 2261 ms
Standard Commons Logging discovery in action with spring-jcl: please remove commons-logging.jar from classpath in order to avoid potential conflicts
2025-12-01T19:55:11.680+05:30  INFO 59755 --- [           main] com.zaxxer.hikari.HikariDataSource       : HikariPool-1 - Starting...
2025-12-01T19:55:12.100+05:30  INFO 59755 --- [           main] com.zaxxer.hikari.pool.HikariPool        : HikariPool-1 - Added connection conn0: url=jdbc:h2:mem:pdflydb user=SA
2025-12-01T19:55:12.103+05:30  INFO 59755 --- [           main] com.zaxxer.hikari.HikariDataSource       : HikariPool-1 - Start completed.
2025-12-01T19:55:12.117+05:30  INFO 59755 --- [           main] o.s.b.a.h2.H2ConsoleAutoConfiguration    : H2 console available at '/h2-console'. Database available at 'jdbc:h2:mem:pdflydb'
2025-12-01T19:55:12.275+05:30  INFO 59755 --- [           main] o.hibernate.jpa.internal.util.LogHelper  : HHH000204: Processing PersistenceUnitInfo [name: default]
2025-12-01T19:55:12.351+05:30  INFO 59755 --- [           main] org.hibernate.Version                    : HHH000412: Hibernate ORM core version 6.4.4.Final
2025-12-01T19:55:12.506+05:30  INFO 59755 --- [           main] o.h.c.internal.RegionFactoryInitiator    : HHH000026: Second-level cache disabled
2025-12-01T19:55:12.956+05:30  INFO 59755 --- [           main] o.s.o.j.p.SpringPersistenceUnitInfo      : No LoadTimeWeaver setup: ignoring JPA class transformer
2025-12-01T19:55:13.017+05:30  WARN 59755 --- [           main] org.hibernate.orm.deprecation            : HHH90000025: H2Dialect does not need to be specified explicitly using 'hibernate.dialect' (remove the property setting and it will be selected by default)
2025-12-01T19:55:15.325+05:30  INFO 59755 --- [           main] o.h.e.t.j.p.i.JtaPlatformInitiator       : HHH000489: No JTA platform available (set 'hibernate.transaction.jta.platform' to enable JTA platform integration)
Hibernate: 
    create table coupons (
        id bigint generated by default as identity,
        code varchar(255) not null,
        current_uses integer not null,
        discount_percent integer not null,
        expiry_date timestamp(6),
        max_uses integer not null,
        plan_type varchar(255) check (plan_type in ('FREE','PRO')),
        primary key (id)
    )
Hibernate: 
    create table global_config (
        id bigint generated by default as identity,
        config_key varchar(255) not null,
        config_value varchar(255),
        primary key (id)
    )
Hibernate: 
    create table plan_features (
        plan_id bigint not null,
        features varchar(255)
    )
Hibernate: 
    create table plans (
        id bigint generated by default as identity,
        active boolean not null,
        billing_cycle varchar(255) not null,
        name varchar(255) not null,
        price numeric(38,2) not null,
        primary key (id)
    )
Hibernate: 
    create table transactions (
        id bigint generated by default as identity,
        amount numeric(38,2) not null,
        date timestamp(6) not null,
        status varchar(255) check (status in ('SUCCESS','FAILED','REFUNDED')),
        user_id bigint not null,
        primary key (id)
    )
Hibernate: 
    create table users (
        id bigint generated by default as identity,
        created_at timestamp(6),
        daily_usage_count integer not null,
        email varchar(255) not null,
        is_active boolean not null,
        password varchar(255) not null,
        password_reset_expiry timestamp(6),
        password_reset_phrase varchar(255),
        plan varchar(255) check (plan in ('FREE','PRO')),
        plan_expiry_date timestamp(6),
        role varchar(255) check (role in ('USER','ADMIN')),
        primary key (id)
    )
Hibernate: 
    alter table if exists coupons 
       drop constraint if exists UK_eplt0kkm9yf2of2lnx6c1oy9b
Hibernate: 
    alter table if exists coupons 
       add constraint UK_eplt0kkm9yf2of2lnx6c1oy9b unique (code)
Hibernate: 
    alter table if exists global_config 
       drop constraint if exists UK_b5q13dkfeafuwh9emsvddl8qs
Hibernate: 
    alter table if exists global_config 
       add constraint UK_b5q13dkfeafuwh9emsvddl8qs unique (config_key)
Hibernate: 
    alter table if exists users 
       drop constraint if exists UK_6dotkott2kjsp8vw4d0m25fb7
Hibernate: 
    alter table if exists users 
       add constraint UK_6dotkott2kjsp8vw4d0m25fb7 unique (email)
Hibernate: 
    alter table if exists plan_features 
       add constraint FKmii31u2imuu6cet94c3yv7c0p 
       foreign key (plan_id) 
       references plans
Hibernate: 
    alter table if exists transactions 
       add constraint FKqwv7rmvc8va8rep7piikrojds 
       foreign key (user_id) 
       references users
2025-12-01T19:55:15.392+05:30  INFO 59755 --- [           main] j.LocalContainerEntityManagerFactoryBean : Initialized JPA EntityManagerFactory for persistence unit 'default'
2025-12-01T19:55:15.604+05:30  INFO 59755 --- [           main] o.s.d.j.r.query.QueryEnhancerFactory     : Hibernate is in classpath; If applicable, HQL parser will be used.
2025-12-01T19:55:16.240+05:30  WARN 59755 --- [           main] JpaBaseConfiguration$JpaWebConfiguration : spring.jpa.open-in-view is enabled by default. Therefore, database queries may be performed during view rendering. Explicitly configure spring.jpa.open-in-view to disable this warning
2025-12-01T19:55:16.438+05:30  INFO 59755 --- [           main] o.s.s.web.DefaultSecurityFilterChain     : Will secure any request with [org.springframework.security.web.session.DisableEncodeUrlFilter@16df0ebd, org.springframework.security.web.context.request.async.WebAsyncManagerIntegrationFilter@29becf8b, org.springframework.security.web.context.SecurityContextHolderFilter@36e95b7b, org.springframework.security.web.header.HeaderWriterFilter@14e54a35, org.springframework.web.filter.CorsFilter@628b1538, org.springframework.security.web.authentication.logout.LogoutFilter@2b27d5d3, com.pdfly.backend.config.JwtAuthenticationFilter@29811d4d, org.springframework.security.web.savedrequest.RequestCacheAwareFilter@309b6768, org.springframework.security.web.servletapi.SecurityContextHolderAwareRequestFilter@333e01c6, org.springframework.security.web.authentication.AnonymousAuthenticationFilter@36995784, org.springframework.security.web.session.SessionManagementFilter@443d94ae, org.springframework.security.web.access.ExceptionTranslationFilter@546ca9da, org.springframework.security.web.access.intercept.AuthorizationFilter@33319df0]
2025-12-01T19:55:16.607+05:30  INFO 59755 --- [           main] o.s.b.w.embedded.tomcat.TomcatWebServer  : Tomcat started on port 8080 (http) with context path ''
2025-12-01T19:55:16.625+05:30  INFO 59755 --- [           main] com.pdfly.backend.BackendApplication     : Started BackendApplication in 7.751 seconds (process running for 8.129)
Hibernate: 
    select
        u1_0.id 
    from
        users u1_0 
    where
        u1_0.email=? 
    fetch
        first ? rows only
Hibernate: 
    insert 
    into
        users
        (created_at, daily_usage_count, email, is_active, password, password_reset_expiry, password_reset_phrase, plan, plan_expiry_date, role, id) 
    values
        (?, ?, ?, ?, ?, ?, ?, ?, ?, ?, default)
=========================================================
✅ DEFAULT ADMIN CREATED:
   Email: admin@pdfly.io
   Password: pdfly_admin_pass
   (Please change this in the DB after first login!)
=========================================================
2025-12-01T19:58:19.038+05:30  INFO 59755 --- [nio-8080-exec-1] o.a.c.c.C.[Tomcat].[localhost].[/]       : Initializing Spring DispatcherServlet 'dispatcherServlet'
2025-12-01T19:58:19.039+05:30  INFO 59755 --- [nio-8080-exec-1] o.s.web.servlet.DispatcherServlet        : Initializing Servlet 'dispatcherServlet'
2025-12-01T19:58:19.043+05:30  INFO 59755 --- [nio-8080-exec-1] o.s.web.servlet.DispatcherServlet        : Completed initialization in 4 ms
Hibernate: 
    select
        gc1_0.id,
        gc1_0.config_key,
        gc1_0.config_value 
    from
        global_config gc1_0
Hibernate: 
    select
        gc1_0.id,
        gc1_0.config_key,
        gc1_0.config_value 
    from
        global_config gc1_0
2025-12-01T20:08:22.635+05:30  INFO 59755 --- [ionShutdownHook] j.LocalContainerEntityManagerFactoryBean : Closing JPA EntityManagerFactory for persistence unit 'default'
2025-12-01T20:08:22.659+05:30  INFO 59755 --- [ionShutdownHook] com.zaxxer.hikari.HikariDataSource       : HikariPool-1 - Shutdown initiated...
2025-12-01T20:08:22.675+05:30  INFO 59755 --- [ionShutdownHook] com.zaxxer.hikari.HikariDataSource       : HikariPool-1 - Shutdown completed.
[INFO] ------------------------------------------------------------------------
[INFO] BUILD SUCCESS
[INFO] ------------------------------------------------------------------------
[INFO] Total time:  13:17 min
[INFO] Finished at: 2025-12-01T20:08:23+05:30
[INFO] ------------------------------------------------------------------------
