[INFO] Scanning for projects...
[INFO] 
[INFO] -------------------------< com.pdfly:backend >--------------------------
[INFO] Building pdfly-backend 0.0.1-SNAPSHOT
[INFO]   from pom.xml
[INFO] --------------------------------[ jar ]---------------------------------
[INFO] 
[INFO] >>> spring-boot:3.2.3:run (default-cli) > test-compile @ backend >>>
[INFO] 
[INFO] --- resources:3.3.1:resources (default-resources) @ backend ---
[INFO] Copying 1 resource from src/main/resources to target/classes
[INFO] Copying 0 resource from src/main/resources to target/classes
[INFO] 
[INFO] --- compiler:3.11.0:compile (default-compile) @ backend ---
[INFO] Nothing to compile - all classes are up to date
[INFO] 
[INFO] --- resources:3.3.1:testResources (default-testResources) @ backend ---
[INFO] skip non existing resourceDirectory /Users/aadityabasisth/Desktop/thynkTech-assignments/proj/pdf-wiz-backend/src/test/resources
[INFO] 
[INFO] --- compiler:3.11.0:testCompile (default-testCompile) @ backend ---
[INFO] No sources to compile
[INFO] 
[INFO] <<< spring-boot:3.2.3:run (default-cli) < test-compile @ backend <<<
[INFO] 
[INFO] 
[INFO] --- spring-boot:3.2.3:run (default-cli) @ backend ---
[INFO] Attaching agents: []
Standard Commons Logging discovery in action with spring-jcl: please remove commons-logging.jar from classpath in order to avoid potential conflicts

  .   ____          _            __ _ _
 /\\ / ___'_ __ _ _(_)_ __  __ _ \ \ \ \
( ( )\___ | '_ | '_| | '_ \/ _` | \ \ \ \
 \\/  ___)| |_)| | | | | || (_| |  ) ) ) )
  '  |____| .__|_| |_|_| |_\__, | / / / /
 =========|_|==============|___/=/_/_/_/
 :: Spring Boot ::                (v3.2.3)

2025-12-01T19:39:12.558+05:30  INFO 56011 --- [           main] com.pdfly.backend.BackendApplication     : Starting BackendApplication using Java 17.0.17 with PID 56011 (/Users/aadityabasisth/Desktop/thynkTech-assignments/proj/pdf-wiz-backend/target/classes started by aadityabasisth in /Users/aadityabasisth/Desktop/thynkTech-assignments/proj/pdf-wiz-backend)
2025-12-01T19:39:12.563+05:30  INFO 56011 --- [           main] com.pdfly.backend.BackendApplication     : No active profile set, falling back to 1 default profile: "default"
2025-12-01T19:39:13.239+05:30  INFO 56011 --- [           main] .s.d.r.c.RepositoryConfigurationDelegate : Bootstrapping Spring Data JPA repositories in DEFAULT mode.
2025-12-01T19:39:13.310+05:30  INFO 56011 --- [           main] .s.d.r.c.RepositoryConfigurationDelegate : Finished Spring Data repository scanning in 67 ms. Found 5 JPA repository interfaces.
2025-12-01T19:39:13.857+05:30  INFO 56011 --- [           main] o.s.b.w.embedded.tomcat.TomcatWebServer  : Tomcat initialized with port 8080 (http)
2025-12-01T19:39:13.866+05:30  INFO 56011 --- [           main] o.apache.catalina.core.StandardService   : Starting service [Tomcat]
2025-12-01T19:39:13.866+05:30  INFO 56011 --- [           main] o.apache.catalina.core.StandardEngine    : Starting Servlet engine: [Apache Tomcat/10.1.19]
2025-12-01T19:39:13.909+05:30  INFO 56011 --- [           main] o.a.c.c.C.[Tomcat].[localhost].[/]       : Initializing Spring embedded WebApplicationContext
2025-12-01T19:39:13.911+05:30  INFO 56011 --- [           main] w.s.c.ServletWebServerApplicationContext : Root WebApplicationContext: initialization completed in 1302 ms
Standard Commons Logging discovery in action with spring-jcl: please remove commons-logging.jar from classpath in order to avoid potential conflicts
2025-12-01T19:39:13.943+05:30  INFO 56011 --- [           main] com.zaxxer.hikari.HikariDataSource       : HikariPool-1 - Starting...
2025-12-01T19:39:14.046+05:30  INFO 56011 --- [           main] com.zaxxer.hikari.pool.HikariPool        : HikariPool-1 - Added connection conn0: url=jdbc:h2:mem:pdflydb user=SA
2025-12-01T19:39:14.047+05:30  INFO 56011 --- [           main] com.zaxxer.hikari.HikariDataSource       : HikariPool-1 - Start completed.
2025-12-01T19:39:14.056+05:30  INFO 56011 --- [           main] o.s.b.a.h2.H2ConsoleAutoConfiguration    : H2 console available at '/h2-console'. Database available at 'jdbc:h2:mem:pdflydb'
2025-12-01T19:39:14.152+05:30  INFO 56011 --- [           main] o.hibernate.jpa.internal.util.LogHelper  : HHH000204: Processing PersistenceUnitInfo [name: default]
2025-12-01T19:39:14.182+05:30  INFO 56011 --- [           main] org.hibernate.Version                    : HHH000412: Hibernate ORM core version 6.4.4.Final
2025-12-01T19:39:14.202+05:30  INFO 56011 --- [           main] o.h.c.internal.RegionFactoryInitiator    : HHH000026: Second-level cache disabled
2025-12-01T19:39:14.338+05:30  INFO 56011 --- [           main] o.s.o.j.p.SpringPersistenceUnitInfo      : No LoadTimeWeaver setup: ignoring JPA class transformer
2025-12-01T19:39:14.384+05:30  WARN 56011 --- [           main] org.hibernate.orm.deprecation            : HHH90000025: H2Dialect does not need to be specified explicitly using 'hibernate.dialect' (remove the property setting and it will be selected by default)
2025-12-01T19:39:14.959+05:30  INFO 56011 --- [           main] o.h.e.t.j.p.i.JtaPlatformInitiator       : HHH000489: No JTA platform available (set 'hibernate.transaction.jta.platform' to enable JTA platform integration)
Hibernate: 
    create table coupons (
        id bigint generated by default as identity,
        code varchar(255) not null,
        current_uses integer not null,
        discount_percent integer not null,
        expiry_date timestamp(6),
        max_uses integer not null,
        plan_type varchar(255) check (plan_type in ('FREE','PRO')),
        primary key (id)
    )
Hibernate: 
    create table global_config (
        id bigint generated by default as identity,
        config_key varchar(255) not null,
        config_value varchar(255),
        primary key (id)
    )
Hibernate: 
    create table plan_features (
        plan_id bigint not null,
        features varchar(255)
    )
Hibernate: 
    create table plans (
        id bigint generated by default as identity,
        active boolean not null,
        billing_cycle varchar(255) not null,
        name varchar(255) not null,
        price numeric(38,2) not null,
        primary key (id)
    )
Hibernate: 
    create table transactions (
        id bigint generated by default as identity,
        amount numeric(38,2) not null,
        date timestamp(6) not null,
        status varchar(255) check (status in ('SUCCESS','FAILED','REFUNDED')),
        user_id bigint not null,
        primary key (id)
    )
Hibernate: 
    create table users (
        id bigint generated by default as identity,
        created_at timestamp(6),
        daily_usage_count integer not null,
        email varchar(255) not null,
        is_active boolean not null,
        password varchar(255) not null,
        password_reset_expiry timestamp(6),
        password_reset_phrase varchar(255),
        plan varchar(255) check (plan in ('FREE','PRO')),
        plan_expiry_date timestamp(6),
        role varchar(255) check (role in ('USER','ADMIN')),
        primary key (id)
    )
Hibernate: 
    alter table if exists coupons 
       drop constraint if exists UK_eplt0kkm9yf2of2lnx6c1oy9b
Hibernate: 
    alter table if exists coupons 
       add constraint UK_eplt0kkm9yf2of2lnx6c1oy9b unique (code)
Hibernate: 
    alter table if exists global_config 
       drop constraint if exists UK_b5q13dkfeafuwh9emsvddl8qs
Hibernate: 
    alter table if exists global_config 
       add constraint UK_b5q13dkfeafuwh9emsvddl8qs unique (config_key)
Hibernate: 
    alter table if exists users 
       drop constraint if exists UK_6dotkott2kjsp8vw4d0m25fb7
Hibernate: 
    alter table if exists users 
       add constraint UK_6dotkott2kjsp8vw4d0m25fb7 unique (email)
Hibernate: 
    alter table if exists plan_features 
       add constraint FKmii31u2imuu6cet94c3yv7c0p 
       foreign key (plan_id) 
       references plans
Hibernate: 
    alter table if exists transactions 
       add constraint FKqwv7rmvc8va8rep7piikrojds 
       foreign key (user_id) 
       references users
2025-12-01T19:39:15.015+05:30  INFO 56011 --- [           main] j.LocalContainerEntityManagerFactoryBean : Initialized JPA EntityManagerFactory for persistence unit 'default'
2025-12-01T19:39:15.168+05:30  INFO 56011 --- [           main] o.s.d.j.r.query.QueryEnhancerFactory     : Hibernate is in classpath; If applicable, HQL parser will be used.
2025-12-01T19:39:16.009+05:30  WARN 56011 --- [           main] JpaBaseConfiguration$JpaWebConfiguration : spring.jpa.open-in-view is enabled by default. Therefore, database queries may be performed during view rendering. Explicitly configure spring.jpa.open-in-view to disable this warning
2025-12-01T19:39:16.201+05:30  INFO 56011 --- [           main] o.s.s.web.DefaultSecurityFilterChain     : Will secure any request with [org.springframework.security.web.session.DisableEncodeUrlFilter@6fa5fc67, org.springframework.security.web.context.request.async.WebAsyncManagerIntegrationFilter@17e323fd, org.springframework.security.web.context.SecurityContextHolderFilter@7d816d32, org.springframework.security.web.header.HeaderWriterFilter@48064a5a, org.springframework.web.filter.CorsFilter@6df0d030, org.springframework.security.web.authentication.logout.LogoutFilter@2b68c59b, com.pdfly.backend.config.JwtAuthenticationFilter@2f3565c0, org.springframework.security.web.savedrequest.RequestCacheAwareFilter@5069a91b, org.springframework.security.web.servletapi.SecurityContextHolderAwareRequestFilter@443d94ae, org.springframework.security.web.authentication.AnonymousAuthenticationFilter@33319df0, org.springframework.security.web.session.SessionManagementFilter@2060df8, org.springframework.security.web.access.ExceptionTranslationFilter@5889e697, org.springframework.security.web.access.intercept.AuthorizationFilter@fdeec12]
2025-12-01T19:39:16.379+05:30  WARN 56011 --- [           main] ConfigServletWebServerApplicationContext : Exception encountered during context initialization - cancelling refresh attempt: org.springframework.context.ApplicationContextException: Failed to start bean 'webServerStartStop'
2025-12-01T19:39:16.381+05:30  INFO 56011 --- [           main] j.LocalContainerEntityManagerFactoryBean : Closing JPA EntityManagerFactory for persistence unit 'default'
2025-12-01T19:39:16.382+05:30  INFO 56011 --- [           main] com.zaxxer.hikari.HikariDataSource       : HikariPool-1 - Shutdown initiated...
2025-12-01T19:39:16.385+05:30  INFO 56011 --- [           main] com.zaxxer.hikari.HikariDataSource       : HikariPool-1 - Shutdown completed.
2025-12-01T19:39:16.394+05:30  INFO 56011 --- [           main] .s.b.a.l.ConditionEvaluationReportLogger : 

Error starting ApplicationContext. To display the condition evaluation report re-run your application with 'debug' enabled.
2025-12-01T19:39:16.404+05:30 ERROR 56011 --- [           main] o.s.b.d.LoggingFailureAnalysisReporter   : 

***************************
APPLICATION FAILED TO START
***************************

Description:

Web server failed to start. Port 8080 was already in use.

Action:

Identify and stop the process that's listening on port 8080 or configure this application to listen on another port.

[INFO] ------------------------------------------------------------------------
[INFO] BUILD FAILURE
[INFO] ------------------------------------------------------------------------
[INFO] Total time:  7.212 s
[INFO] Finished at: 2025-12-01T19:39:16+05:30
[INFO] ------------------------------------------------------------------------
[ERROR] Failed to execute goal org.springframework.boot:spring-boot-maven-plugin:3.2.3:run (default-cli) on project backend: Process terminated with exit code: 1 -> [Help 1]
[ERROR] 
[ERROR] To see the full stack trace of the errors, re-run Maven with the -e switch.
[ERROR] Re-run Maven using the -X switch to enable full debug logging.
[ERROR] 
[ERROR] For more information about the errors and possible solutions, please read the following articles:
[ERROR] [Help 1] http://cwiki.apache.org/confluence/display/MAVEN/MojoExecutionException
